1	3157410	GA	G	3
1	3162006	GAA	G	3
1	3177144	GT	G	3
