1	3062915	GTTT	G	3
1	3106154	CAAA	C	3
1	3157410	GA	G	3
1	3162006	GAA	G	3
1	3177144	GT	G	3
1	3184885	TAAAA	TA,T	3
4	3212016	TACACACAC	T	3
