2	3199812	G	GTT,GT	1
3	3212016	CTT	C,CT	1
4	3258448	TACACACAC	T	1
